// Jest Snapshot v1, https://goo.gl/fbAQLP

exports[`Loading should match snapshot 1`] = `
<section
  className="portfolio-loading"
>
  <h1>
    Sorry. Please standby while the 
    MockLoad
     are retrieved.
  </h1>
</section>
`;
